8.5s 1 0.00s - Debugger warning: It seems that frozen modules are being used, which may
8.5s 2 0.00s - make the debugger miss breakpoints. Please pass -Xfrozen_modules=off
8.5s 3 0.00s - to python to disable frozen modules.
8.5s 4 0.00s - Note: Debugging will proceed. Set PYDEVD_DISABLE_FILE_VALIDATION=1 to disable this validation.
9.2s 5 0.00s - Debugger warning: It seems that frozen modules are being used, which may
9.2s 6 0.00s - make the debugger miss breakpoints. Please pass -Xfrozen_modules=off
9.2s 7 0.00s - to python to disable frozen modules.
9.2s 8 0.00s - Note: Debugging will proceed. Set PYDEVD_DISABLE_FILE_VALIDATION=1 to disable this validation.
18.8s 9 inspection_status=CURRENT_CU129_HARNESS_INPUT_INSPECTION_PASSED
18.8s 10 operational_input_closure=PASSED
18.8s 11 source_commit=4f3302df871d47fec81e25e9af9609c0e2c7812d
18.8s 12 harness_directory_sha256=a154f3453c55571fc7535b546e4a97a66756ceb1900b51c2fd1336fed981d307
18.8s 13 runtime_package_count=176
18.8s 14 gpu_execution_performed=false
18.8s 15 package_installation_performed=false
18.8s 16 model_requests_performed=0
18.8s 17 authorization_issued=false
18.8s 18 evidence_zip=/kaggle/working/ag-harness-input-inspection-cu129-v1.zip
18.8s 19 save_this_notebook_output=true
22.1s 20 /usr/local/lib/python3.12/dist-packages/mistune.py:435: SyntaxWarning: invalid escape sequence '\|'
22.1s 21 cells[i][c] = re.sub('\\\\\|', '|', cell)
22.3s 22 /usr/local/lib/python3.12/dist-packages/nbconvert/filters/filter_links.py:36: SyntaxWarning: invalid escape sequence '\_'
22.3s 23 text = re.sub(r'_', '\_', text) # Escape underscores in display text
23.1s 24 [NbConvertApp] Converting notebook __notebook__.ipynb to notebook
23.5s 25 [NbConvertApp] Writing 33485 bytes to __notebook__.ipynb
26.7s 26 [NbConvertApp] Converting notebook __notebook__.ipynb to html
27.9s 27 [NbConvertApp] Writing 367858 bytes to __results__.html