6.1s 1 0.00s - Debugger warning: It seems that frozen modules are being used, which may
6.1s 2 0.00s - make the debugger miss breakpoints. Please pass -Xfrozen_modules=off
6.1s 3 0.00s - to python to disable frozen modules.
6.1s 4 0.00s - Note: Debugging will proceed. Set PYDEVD_DISABLE_FILE_VALIDATION=1 to disable this validation.
6.7s 5 0.00s - Debugger warning: It seems that frozen modules are being used, which may
6.7s 6 0.00s - make the debugger miss breakpoints. Please pass -Xfrozen_modules=off
6.7s 7 0.00s - to python to disable frozen modules.
6.7s 8 0.00s - Note: Debugging will proceed. Set PYDEVD_DISABLE_FILE_VALIDATION=1 to disable this validation.
7.8s 9 {"authorization":null,"benchmark_trajectory_requests":0,"completed_capabilities":[],"counters":{"benchmark_trajectory_requests":0,"external_spend":0,"hidden_retries":0,"kaggle_sessions":1,"model_loads":0,"model_requests":0,"network_requests":0,"runtime_import_closure_probes":0,"runtime_install_attempts":0,"worker_starts":0},"credentials_used":false,"customer_data_present":false,"design_record_sha256":"a42682c1faa05b2e1d220a0c239c21718341270f717420aaf11be2e2441e9728","diagnostic_id":"auragateway-exact-runtime-p5-p6-requalification-v2","evidence_zip":"/kaggle/working/ag-p5-p6-transaction-bound-evidence-v1.zip","evidence_zip_sha256":"95576d4be8654c376453697ae90d443d1ca17327d000182fd17fb0a3037555ad","evidence_zip_size_bytes":8380,"executed_runtime_script_sha256":null,"failed_capability":null,"failure_class":"AUTHORITY_FAILURE","implementation_review_sha256":"8455a2710892783a46996aeacd90fb39f55086b97791d7601c7f1b38185b01db","measured_abc_execution_performed":false,"network_access_permitted":false,"next_gate":"PRESERVE_AND_DISPOSITION_EXACT_RUNTIME_P5_P6_REQUALIFICATION_V2","p5_decision":null,"p6_decision":null,"pilot_execution_performed":false,"public_evidence_used_as_semantic_input":false,"runtime_import_closure_process_outcome":"NOT_RUN","runtime_import_closure_status":"NOT_RUN","runtime_install_process_outcome":"NOT_RUN","runtime_install_status":"NOT_RUN","schema_version":"1.0.0","scratch_cleanup_status":"PASSED","scratch_exists_after_cleanup":false,"source_main_commit":"4afdcf9d840bc90ceb34af8dae098998f78de572","status":"FAILED","terminal_state":"FAILED_PENDING_REPOSITORY_DISPOSITION","v5_acceptance_sha256":"b86314bd8c9a71766884ac7143b7fff3198e986dd99c6065814b45c8d1095eb1","worker_teardown_status":"NOT_RUN"}
7.8s 10 /usr/local/lib/python3.12/dist-packages/IPython/core/interactiveshell.py:3561: UserWarning: To exit: use 'exit', 'quit', or Ctrl-D.
7.8s 11 warn("To exit: use 'exit', 'quit', or Ctrl-D.", stacklevel=1)
7.8s 12 
7.8s 13 /usr/local/lib/python3.12/dist-packages/IPython/core/interactiveshell.py:3561: UserWarning: To exit: use 'exit', 'quit', or Ctrl-D.
7.8s 14 warn("To exit: use 'exit', 'quit', or Ctrl-D.", stacklevel=1)
8.1s 15 Traceback (most recent call last):
8.1s 16 File "<string>", line 1, in <module>
8.1s 17 File "/usr/local/lib/python3.12/dist-packages/papermill/execute.py", line 131, in execute_notebook
8.1s 18 raise_for_execution_errors(nb, output_path)
8.1s 19 File "/usr/local/lib/python3.12/dist-packages/papermill/execute.py", line 251, in raise_for_execution_errors
8.1s 20 raise error
8.1s 21 papermill.exceptions.PapermillExecutionError:
8.1s 22 ---------------------------------------------------------------------------
8.1s 23 Exception encountered at "In [1]":
8.1s 24 An exception has occurred, use %tb to see the full traceback.
8.1s 25 
8.1s 26 SystemExit: 2
8.1s 27 
8.1s 28 
10.1s 29 /usr/local/lib/python3.12/dist-packages/mistune.py:435: SyntaxWarning: invalid escape sequence '\|'
10.1s 30 cells[i][c] = re.sub('\\\\\|', '|', cell)
10.2s 31 /usr/local/lib/python3.12/dist-packages/nbconvert/filters/filter_links.py:36: SyntaxWarning: invalid escape sequence '\_'
10.2s 32 text = re.sub(r'_', '\_', text) # Escape underscores in display text
10.8s 33 [NbConvertApp] Converting notebook __notebook__.ipynb to notebook
11.0s 34 [NbConvertApp] Writing 211649 bytes to __notebook__.ipynb
13.4s 35 [NbConvertApp] Converting notebook __notebook__.ipynb to html
14.1s 36 [NbConvertApp] Writing 501191 bytes to __results__.html