8.6s 1 0.00s - Debugger warning: It seems that frozen modules are being used, which may
8.6s 2 0.00s - make the debugger miss breakpoints. Please pass -Xfrozen_modules=off
8.6s 3 0.00s - to python to disable frozen modules.
8.6s 4 0.00s - Note: Debugging will proceed. Set PYDEVD_DISABLE_FILE_VALIDATION=1 to disable this validation.
9.4s 5 0.00s - Debugger warning: It seems that frozen modules are being used, which may
9.4s 6 0.00s - make the debugger miss breakpoints. Please pass -Xfrozen_modules=off
9.4s 7 0.00s - to python to disable frozen modules.
9.4s 8 0.00s - Note: Debugging will proceed. Set PYDEVD_DISABLE_FILE_VALIDATION=1 to disable this validation.
18.4s 9 status=CURRENT_CU129_HARNESS_MATERIALIZED
18.4s 10 producer_output_directory=ag_harness_materializer_cu129_v1_output
18.4s 11 input_mode=kaggle_expanded_source_recovered_to_exact_archive
18.4s 12 output_directory=auragateway_qualification_harness_56f3373_v1
18.4s 13 file_count=1084
18.4s 14 total_bytes=10970203
18.4s 15 directory_sha256=778333c57b02d74be2c18962d7e75b560d269fc9b6c6b611d043304c855e3477
18.4s 16 gpu_execution_performed=false
18.4s 17 package_installation_performed=false
18.4s 18 model_requests_performed=0
18.4s 19 authorization_issued=false
18.4s 20 save_this_notebook_output=true
21.7s 21 /usr/local/lib/python3.12/dist-packages/mistune.py:435: SyntaxWarning: invalid escape sequence '\|'
21.7s 22 cells[i][c] = re.sub('\\\\\|', '|', cell)
21.9s 23 /usr/local/lib/python3.12/dist-packages/nbconvert/filters/filter_links.py:36: SyntaxWarning: invalid escape sequence '\_'
21.9s 24 text = re.sub(r'_', '\_', text) # Escape underscores in display text
22.7s 25 [NbConvertApp] Converting notebook __notebook__.ipynb to notebook
23.1s 26 [NbConvertApp] Writing 35557 bytes to __notebook__.ipynb
26.3s 27 [NbConvertApp] Converting notebook __notebook__.ipynb to html
27.4s 28 [NbConvertApp] Writing 369484 bytes to __results__.html