9.0s 1 0.00s - Debugger warning: It seems that frozen modules are being used, which may
9.0s 2 0.00s - make the debugger miss breakpoints. Please pass -Xfrozen_modules=off
9.0s 3 0.00s - to python to disable frozen modules.
9.0s 4 0.00s - Note: Debugging will proceed. Set PYDEVD_DISABLE_FILE_VALIDATION=1 to disable this validation.
9.8s 5 0.00s - Debugger warning: It seems that frozen modules are being used, which may
9.8s 6 0.00s - make the debugger miss breakpoints. Please pass -Xfrozen_modules=off
9.8s 7 0.00s - to python to disable frozen modules.
9.8s 8 0.00s - Note: Debugging will proceed. Set PYDEVD_DISABLE_FILE_VALIDATION=1 to disable this validation.
20.2s 9 inspection_status=CURRENT_CU129_HARNESS_INPUT_INSPECTION_PASSED
20.2s 10 operational_input_closure=PASSED
20.2s 11 source_commit=56f33739babb80d843fef1ad8f7f1223f3d10d14
20.2s 12 harness_directory_sha256=778333c57b02d74be2c18962d7e75b560d269fc9b6c6b611d043304c855e3477
20.2s 13 runtime_package_count=176
20.2s 14 gpu_execution_performed=false
20.2s 15 package_installation_performed=false
20.2s 16 model_requests_performed=0
20.2s 17 authorization_issued=false
20.2s 18 evidence_zip=/kaggle/working/ag-harness-input-inspection-cu129-v1.zip
20.2s 19 save_this_notebook_output=true
23.8s 20 /usr/local/lib/python3.12/dist-packages/mistune.py:435: SyntaxWarning: invalid escape sequence '\|'
23.8s 21 cells[i][c] = re.sub('\\\\\|', '|', cell)
24.0s 22 /usr/local/lib/python3.12/dist-packages/nbconvert/filters/filter_links.py:36: SyntaxWarning: invalid escape sequence '\_'
24.0s 23 text = re.sub(r'_', '\_', text) # Escape underscores in display text
24.8s 24 [NbConvertApp] Converting notebook __notebook__.ipynb to notebook
25.3s 25 [NbConvertApp] Writing 33496 bytes to __notebook__.ipynb
28.6s 26 [NbConvertApp] Converting notebook __notebook__.ipynb to html
29.9s 27 [NbConvertApp] Writing 367869 bytes to __results__.html