6.7s 1 0.00s - Debugger warning: It seems that frozen modules are being used, which may
6.7s 2 0.00s - make the debugger miss breakpoints. Please pass -Xfrozen_modules=off
6.7s 3 0.00s - to python to disable frozen modules.
6.7s 4 0.00s - Note: Debugging will proceed. Set PYDEVD_DISABLE_FILE_VALIDATION=1 to disable this validation.
7.2s 5 0.00s - Debugger warning: It seems that frozen modules are being used, which may
7.2s 6 0.00s - make the debugger miss breakpoints. Please pass -Xfrozen_modules=off
7.2s 7 0.00s - to python to disable frozen modules.
7.2s 8 0.00s - Note: Debugging will proceed. Set PYDEVD_DISABLE_FILE_VALIDATION=1 to disable this validation.
9.2s 9 Traceback (most recent call last):
9.2s 10 File "<string>", line 1, in <module>
9.2s 11 File "/usr/local/lib/python3.12/dist-packages/papermill/execute.py", line 131, in execute_notebook
9.2s 12 raise_for_execution_errors(nb, output_path)
9.2s 13 File "/usr/local/lib/python3.12/dist-packages/papermill/execute.py", line 251, in raise_for_execution_errors
9.2s 14 raise error
9.2s 15 papermill.exceptions.PapermillExecutionError:
9.2s 16 ---------------------------------------------------------------------------
9.2s 17 Exception encountered at "In [1]":
9.2s 18 ---------------------------------------------------------------------------
9.2s 19 RuntimeError                              Traceback (most recent call last)
9.2s 20 /tmp/ipykernel_23/2276311758.py in <cell line: 0>()
9.2s 21 651
9.2s 22 652 try:
9.2s 23 --> 653     main()
9.2s 24 654 except Exception as error:
9.2s 25 655     write_failure_evidence(error)
9.2s 26 
9.2s 27 /tmp/ipykernel_23/2276311758.py in main()
9.2s 28 555
9.2s 29 556     stage = "source_output_discovery"
9.2s 30 --> 557     source_root, receipt = discover_source_output()
9.2s 31 558
9.2s 32 559     stage = "source_output_validation"
9.2s 33 
9.2s 34 /tmp/ipykernel_23/2276311758.py in discover_source_output()
9.2s 35 183             candidates.append((source_root, receipt))
9.2s 36 184     if len(candidates) != 1:
9.2s 37 --> 185         raise RuntimeError(
9.2s 38 186             "expected exactly one identity-shaped P0-P2 source output, "
9.2s 39 187             f"observed {len(candidates)}"
9.2s 40 
9.2s 41 RuntimeError: expected exactly one identity-shaped P0-P2 source output, observed 0
9.2s 42 
11.3s 43 /usr/local/lib/python3.12/dist-packages/mistune.py:435: SyntaxWarning: invalid escape sequence '\|'
11.3s 44 cells[i][c] = re.sub('\\\\\|', '|', cell)
11.5s 45 /usr/local/lib/python3.12/dist-packages/nbconvert/filters/filter_links.py:36: SyntaxWarning: invalid escape sequence '\_'
11.5s 46 text = re.sub(r'_', '\_', text) # Escape underscores in display text
12.0s 47 [NbConvertApp] Converting notebook __notebook__.ipynb to notebook
12.3s 48 [NbConvertApp] Writing 38846 bytes to __notebook__.ipynb
14.6s 49 [NbConvertApp] Converting notebook __notebook__.ipynb to html
15.4s 50 [NbConvertApp] Writing 380925 bytes to __results__.html