6.2s 1 0.00s - Debugger warning: It seems that frozen modules are being used, which may
6.2s 2 0.00s - make the debugger miss breakpoints. Please pass -Xfrozen_modules=off
6.2s 3 0.00s - to python to disable frozen modules.
6.2s 4 0.00s - Note: Debugging will proceed. Set PYDEVD_DISABLE_FILE_VALIDATION=1 to disable this validation.
6.7s 5 0.00s - Debugger warning: It seems that frozen modules are being used, which may
6.7s 6 0.00s - make the debugger miss breakpoints. Please pass -Xfrozen_modules=off
6.7s 7 0.00s - to python to disable frozen modules.
6.7s 8 0.00s - Note: Debugging will proceed. Set PYDEVD_DISABLE_FILE_VALIDATION=1 to disable this validation.
75.1s 9 Traceback (most recent call last):
75.1s 10 File "<string>", line 1, in <module>
75.1s 11 File "/usr/local/lib/python3.12/dist-packages/papermill/execute.py", line 131, in execute_notebook
75.1s 12 raise_for_execution_errors(nb, output_path)
75.1s 13 File "/usr/local/lib/python3.12/dist-packages/papermill/execute.py", line 251, in raise_for_execution_errors
75.1s 14 raise error
75.1s 15 papermill.exceptions.PapermillExecutionError:
75.1s 16 ---------------------------------------------------------------------------
75.1s 17 Exception encountered at "In [1]":
75.1s 18 ---------------------------------------------------------------------------
75.1s 19 RuntimeError                              Traceback (most recent call last)
75.1s 20 /tmp/ipykernel_23/3158456981.py in <cell line: 0>()
75.1s 21 2760     raise RuntimeError("runtime script identity mismatch")
75.1s 22 2761 EXECUTED_RUNTIME_SCRIPT_SHA256 = _AG_OBSERVED_RUNTIME_SHA256
75.1s 23 -> 2762 exec(
75.1s 24 2763     compile(_AG_RUNTIME_SOURCE, "<auragateway-exact-runtime-p5-p6-v2>", "exec"),
75.1s 25 2764     globals(),
75.1s 26 
75.1s 27 <auragateway-exact-runtime-p5-p6-v2> in <module>
75.1s 28 
75.1s 29 <auragateway-exact-runtime-p5-p6-v2> in main()
75.1s 30 
75.1s 31 <auragateway-exact-runtime-p5-p6-v2> in cleanup_scratch()
75.1s 32 
75.1s 33 <auragateway-exact-runtime-p5-p6-v2> in directory_snapshot(path)
75.1s 34 
75.1s 35 RuntimeError: target runtime contains a symbolic link
75.1s 36 
77.1s 37 /usr/local/lib/python3.12/dist-packages/mistune.py:435: SyntaxWarning: invalid escape sequence '\|'
77.1s 38 cells[i][c] = re.sub('\\\\\|', '|', cell)
77.2s 39 /usr/local/lib/python3.12/dist-packages/nbconvert/filters/filter_links.py:36: SyntaxWarning: invalid escape sequence '\_'
77.2s 40 text = re.sub(r'_', '\_', text) # Escape underscores in display text
77.8s 41 [NbConvertApp] Converting notebook __notebook__.ipynb to notebook
78.1s 42 [NbConvertApp] Writing 263005 bytes to __notebook__.ipynb
80.3s 43 [NbConvertApp] Converting notebook __notebook__.ipynb to html
81.3s 44 [NbConvertApp] Writing 599148 bytes to __results__.html